Setting up environment and building executables...
